// Jest Snapshot v1, https://goo.gl/fbAQLP

exports[`<MovieTable/> component renders <MovieTable/> component with props and compares to snapshot 1`] = `
Object {
  "asFragment": [Function],
  "baseElement": <body>
    <div>
      <table
        class="sc-bdfBwQ kSOtiz"
      >
        <caption
          class="sc-gsTCUz iNWYbO"
        >
          Vote for your favorite Star Wars movie:
        </caption>
        <thead
          class="sc-dlfnbm"
        >
          <tr
            class="sc-eCssSg gSspkk"
          >
            <th
              class="sc-jSgupP kXXhUQ"
              id="movie-title"
            >
              Movie Title
            </th>
            <th
              class="sc-jSgupP kXXhUQ"
              id="vote"
            >
              Vote
            </th>
            <th
              class="sc-jSgupP kXXhUQ"
              id="total-votes"
            >
              Total Votes
            </th>
          </tr>
        </thead>
        <tbody
          class="sc-hKgILt"
        >
          <tr
            class="sc-eCssSg gSspkk"
          >
            <td
              class="sc-gKsewC gbAxPW"
              headers="movie-title"
            >
              A New Hope
            </td>
            <td
              class="sc-gKsewC gbAxPW"
              headers="vote"
            >
              <button
                aria-label="vote-button"
                class="sc-iBPRYJ cdPLuh"
                data-testid="button-A New Hope"
              >
                vote
              </button>
            </td>
            <td
              class="sc-gKsewC gbAxPW"
              data-testid="votes-A New Hope"
              headers="total-votes"
            >
              0
            </td>
          </tr>
          <tr
            class="sc-eCssSg gSspkk"
          >
            <td
              class="sc-gKsewC gbAxPW"
              headers="movie-title"
            >
              The Empire Strikes Back
            </td>
            <td
              class="sc-gKsewC gbAxPW"
              headers="vote"
            >
              <button
                aria-label="vote-button"
                class="sc-iBPRYJ cdPLuh"
                data-testid="button-The Empire Strikes Back"
              >
                vote
              </button>
            </td>
            <td
              class="sc-gKsewC gbAxPW"
              data-testid="votes-The Empire Strikes Back"
              headers="total-votes"
            >
              3
            </td>
          </tr>
          <tr
            class="sc-eCssSg gSspkk"
          >
            <td
              class="sc-gKsewC gbAxPW"
              headers="movie-title"
            >
              Return of the Jedi
            </td>
            <td
              class="sc-gKsewC gbAxPW"
              headers="vote"
            >
              <button
                aria-label="vote-button"
                class="sc-iBPRYJ cdPLuh"
                data-testid="button-Return of the Jedi"
              >
                vote
              </button>
            </td>
            <td
              class="sc-gKsewC gbAxPW"
              data-testid="votes-Return of the Jedi"
              headers="total-votes"
            >
              0
            </td>
          </tr>
          <tr
            class="sc-eCssSg gSspkk"
          >
            <td
              class="sc-gKsewC gbAxPW"
              headers="movie-title"
            >
              The Phantom Menace
            </td>
            <td
              class="sc-gKsewC gbAxPW"
              headers="vote"
            >
              <button
                aria-label="vote-button"
                class="sc-iBPRYJ cdPLuh"
                data-testid="button-The Phantom Menace"
              >
                vote
              </button>
            </td>
            <td
              class="sc-gKsewC gbAxPW"
              data-testid="votes-The Phantom Menace"
              headers="total-votes"
            >
              6
            </td>
          </tr>
          <tr
            class="sc-eCssSg gSspkk"
          >
            <td
              class="sc-gKsewC gbAxPW"
              headers="movie-title"
            >
              Attack of the Clones
            </td>
            <td
              class="sc-gKsewC gbAxPW"
              headers="vote"
            >
              <button
                aria-label="vote-button"
                class="sc-iBPRYJ cdPLuh"
                data-testid="button-Attack of the Clones"
              >
                vote
              </button>
            </td>
            <td
              class="sc-gKsewC gbAxPW"
              data-testid="votes-Attack of the Clones"
              headers="total-votes"
            >
              0
            </td>
          </tr>
          <tr
            class="sc-eCssSg gSspkk"
          >
            <td
              class="sc-gKsewC gbAxPW"
              headers="movie-title"
            >
              Revenge of the Sith
            </td>
            <td
              class="sc-gKsewC gbAxPW"
              headers="vote"
            >
              <button
                aria-label="vote-button"
                class="sc-iBPRYJ cdPLuh"
                data-testid="button-Revenge of the Sith"
              >
                vote
              </button>
            </td>
            <td
              class="sc-gKsewC gbAxPW"
              data-testid="votes-Revenge of the Sith"
              headers="total-votes"
            >
              2
            </td>
          </tr>
        </tbody>
      </table>
    </div>
  </body>,
  "container": <div>
    <table
      class="sc-bdfBwQ kSOtiz"
    >
      <caption
        class="sc-gsTCUz iNWYbO"
      >
        Vote for your favorite Star Wars movie:
      </caption>
      <thead
        class="sc-dlfnbm"
      >
        <tr
          class="sc-eCssSg gSspkk"
        >
          <th
            class="sc-jSgupP kXXhUQ"
            id="movie-title"
          >
            Movie Title
          </th>
          <th
            class="sc-jSgupP kXXhUQ"
            id="vote"
          >
            Vote
          </th>
          <th
            class="sc-jSgupP kXXhUQ"
            id="total-votes"
          >
            Total Votes
          </th>
        </tr>
      </thead>
      <tbody
        class="sc-hKgILt"
      >
        <tr
          class="sc-eCssSg gSspkk"
        >
          <td
            class="sc-gKsewC gbAxPW"
            headers="movie-title"
          >
            A New Hope
          </td>
          <td
            class="sc-gKsewC gbAxPW"
            headers="vote"
          >
            <button
              aria-label="vote-button"
              class="sc-iBPRYJ cdPLuh"
              data-testid="button-A New Hope"
            >
              vote
            </button>
          </td>
          <td
            class="sc-gKsewC gbAxPW"
            data-testid="votes-A New Hope"
            headers="total-votes"
          >
            0
          </td>
        </tr>
        <tr
          class="sc-eCssSg gSspkk"
        >
          <td
            class="sc-gKsewC gbAxPW"
            headers="movie-title"
          >
            The Empire Strikes Back
          </td>
          <td
            class="sc-gKsewC gbAxPW"
            headers="vote"
          >
            <button
              aria-label="vote-button"
              class="sc-iBPRYJ cdPLuh"
              data-testid="button-The Empire Strikes Back"
            >
              vote
            </button>
          </td>
          <td
            class="sc-gKsewC gbAxPW"
            data-testid="votes-The Empire Strikes Back"
            headers="total-votes"
          >
            3
          </td>
        </tr>
        <tr
          class="sc-eCssSg gSspkk"
        >
          <td
            class="sc-gKsewC gbAxPW"
            headers="movie-title"
          >
            Return of the Jedi
          </td>
          <td
            class="sc-gKsewC gbAxPW"
            headers="vote"
          >
            <button
              aria-label="vote-button"
              class="sc-iBPRYJ cdPLuh"
              data-testid="button-Return of the Jedi"
            >
              vote
            </button>
          </td>
          <td
            class="sc-gKsewC gbAxPW"
            data-testid="votes-Return of the Jedi"
            headers="total-votes"
          >
            0
          </td>
        </tr>
        <tr
          class="sc-eCssSg gSspkk"
        >
          <td
            class="sc-gKsewC gbAxPW"
            headers="movie-title"
          >
            The Phantom Menace
          </td>
          <td
            class="sc-gKsewC gbAxPW"
            headers="vote"
          >
            <button
              aria-label="vote-button"
              class="sc-iBPRYJ cdPLuh"
              data-testid="button-The Phantom Menace"
            >
              vote
            </button>
          </td>
          <td
            class="sc-gKsewC gbAxPW"
            data-testid="votes-The Phantom Menace"
            headers="total-votes"
          >
            6
          </td>
        </tr>
        <tr
          class="sc-eCssSg gSspkk"
        >
          <td
            class="sc-gKsewC gbAxPW"
            headers="movie-title"
          >
            Attack of the Clones
          </td>
          <td
            class="sc-gKsewC gbAxPW"
            headers="vote"
          >
            <button
              aria-label="vote-button"
              class="sc-iBPRYJ cdPLuh"
              data-testid="button-Attack of the Clones"
            >
              vote
            </button>
          </td>
          <td
            class="sc-gKsewC gbAxPW"
            data-testid="votes-Attack of the Clones"
            headers="total-votes"
          >
            0
          </td>
        </tr>
        <tr
          class="sc-eCssSg gSspkk"
        >
          <td
            class="sc-gKsewC gbAxPW"
            headers="movie-title"
          >
            Revenge of the Sith
          </td>
          <td
            class="sc-gKsewC gbAxPW"
            headers="vote"
          >
            <button
              aria-label="vote-button"
              class="sc-iBPRYJ cdPLuh"
              data-testid="button-Revenge of the Sith"
            >
              vote
            </button>
          </td>
          <td
            class="sc-gKsewC gbAxPW"
            data-testid="votes-Revenge of the Sith"
            headers="total-votes"
          >
            2
          </td>
        </tr>
      </tbody>
    </table>
  </div>,
  "debug": [Function],
  "findAllByAltText": [Function],
  "findAllByDisplayValue": [Function],
  "findAllByLabelText": [Function],
  "findAllByPlaceholderText": [Function],
  "findAllByRole": [Function],
  "findAllByTestId": [Function],
  "findAllByText": [Function],
  "findAllByTitle": [Function],
  "findByAltText": [Function],
  "findByDisplayValue": [Function],
  "findByLabelText": [Function],
  "findByPlaceholderText": [Function],
  "findByRole": [Function],
  "findByTestId": [Function],
  "findByText": [Function],
  "findByTitle": [Function],
  "getAllByAltText": [Function],
  "getAllByDisplayValue": [Function],
  "getAllByLabelText": [Function],
  "getAllByPlaceholderText": [Function],
  "getAllByRole": [Function],
  "getAllByTestId": [Function],
  "getAllByText": [Function],
  "getAllByTitle": [Function],
  "getByAltText": [Function],
  "getByDisplayValue": [Function],
  "getByLabelText": [Function],
  "getByPlaceholderText": [Function],
  "getByRole": [Function],
  "getByTestId": [Function],
  "getByText": [Function],
  "getByTitle": [Function],
  "queryAllByAltText": [Function],
  "queryAllByDisplayValue": [Function],
  "queryAllByLabelText": [Function],
  "queryAllByPlaceholderText": [Function],
  "queryAllByRole": [Function],
  "queryAllByTestId": [Function],
  "queryAllByText": [Function],
  "queryAllByTitle": [Function],
  "queryByAltText": [Function],
  "queryByDisplayValue": [Function],
  "queryByLabelText": [Function],
  "queryByPlaceholderText": [Function],
  "queryByRole": [Function],
  "queryByTestId": [Function],
  "queryByText": [Function],
  "queryByTitle": [Function],
  "rerender": [Function],
  "unmount": [Function],
}
`;
